// Jest Snapshot v1, https://goo.gl/fbAQLP

exports[`<Landing /> should render correctly 1`] = `
<article>
  <nav>
    <ThemedThemed
      className={[Function]}
      composeTheme="deeply"
      disabled={false}
      label="Sign In"
      mapThemrProps={[Function]}
      onClick={[Function]}
      ripple={true}
      rippleCentered={false}
      rippleClassName=""
      rippleMultiple={true}
      rippleSpread={2}
    />
    <ThemedThemed
      className={[Function]}
      composeTheme="deeply"
      disabled={false}
      href="/register"
      label="Register"
      mapThemrProps={[Function]}
      ripple={true}
      rippleCentered={false}
      rippleClassName=""
      rippleMultiple={true}
      rippleSpread={2}
    />
  </nav>
  <header>
    <h1>
      SINBA
    </h1>
  </header>
  <main>
    <nav>
      <a
        href="https://github.com/LASAC/SINBA/wiki"
      >
        Documentation
      </a>
      <a
        href="http://lasac.ledes.net"
      >
        LASAC
      </a>
      <a
        href="http://www.ledes.net"
      >
        LEDES
      </a>
      <a
        href="https://ufms.br"
      >
        UFMS
      </a>
    </nav>
  </main>
  <ThemedActivableRenderer
    active={false}
    composeTheme="deeply"
    delay={500}
    mapThemrProps={[Function]}
    onEscKeyDown={[Function]}
    onOverlayClick={[Function]}
  >
    <Login />
  </ThemedActivableRenderer>
</article>
`;
